// Jest Snapshot v1, https://goo.gl/fbAQLP

exports[`LeftNotice Snapshot Comprobar la interfaz de usuario del componente LeftNotice 1`] = `
<section
  className="LeftNotice"
>
  <h1
    className="text-center text-uppercase line-bottom"
  >
    Lorem ipsum dolor sit amet
  </h1>
  <h3
    className="text-center text-uppercase line-bottom"
  >
    Lorem ipsum
  </h3>
  <h4
    className="text-center line-bottom"
  >
    Lorem ipsum dolor sit amet, consectetuer adipiscing elit
  </h4>
  <h5
    className="text-center text-uppercase"
  >
    Lorem ipsum dolor
  </h5>
  <p
    className="text-justify"
  >
    Lorem ipsum dolor sit amet, consectetuer adipiscing elit, sed diam nonummy nibh euismod tincidunt ut laoreet dolore magna aliquam erat volutpat. Ut wisi enim ad minim veniam, quis nostrud exerci tation ullamcorper suscipit lobortis nisl ut aliquip ex ea commodo consequat. Duis autem vel eum iriure dolor in hendrerit in vulputate velit esse molestie consequat, vel illum dolore eu feugiat nulla facilisis at vero eros et accumsan et iusto odio dignissim qui blandit praesent luptatum zzril delenit augue duis dolore te feugait nulla facilisi.
  </p>
  <p
    className="text-justify"
  >
    Lorem ipsum dolor sit amet, consectetuer adipiscing elit, sed diam nonummy nibh euismod tincidunt ut laoreet dolore magna aliquam erat volutpat. Ut wisi enim ad minim veniam, quis nostrud exerci tation ullamcorper suscipit lobortis nisl ut aliquip ex ea commodo consequat. Duis autem vel eum iriure dolor in hendrerit in vulputate velit esse molestie consequat, vel illum dolore eu feugiat nulla facilisis at vero eros et accumsan et iusto odio dignissim qui blandit praesent luptatum zzril delenit augue duis dolore te feugait nulla facilisi.
  </p>
  <p
    className="text-justify"
  >
    Lorem ipsum dolor sit amet, consectetuer adipiscing elit, sed diam nonummy nibh euismod tincidunt ut laoreet dolore magna aliquam erat volutpat. Ut wisi enim ad minim veniam, quis nostrud exerci tation ullamcorper suscipit lobortis nisl ut aliquip ex ea commodo consequat. Duis autem vel eum iriure dolor in hendrerit in vulputate velit esse molestie consequat, vel illum dolore eu feugiat nulla facilisis at vero eros et accumsan et iusto odio dignissim qui blandit praesent luptatum zzril delenit augue duis dolore te feugait nulla facilisi. praesent luptatum zzril delenit augue duis dolore te feugait nulla facilisi. praesent luptatum zzril delenit augue duis dolore te feugait nulla facilisi.  autem vel eum iriure dolor in hendrerit in vulputate velit esse molestie consequat, vel illum dolore eu feugiat nulla facilisis at vero  autem vel eum iriure dolor in hendrerit in vulputate velit esse molesat vero.
  </p>
</section>
`;
