// Jest Snapshot v1, https://goo.gl/fbAQLP

exports[`New3 Snapshot Comprobar la interfaz de usuario del componente New3 1`] = `
<section
  className="New3"
>
  <h3>
    Lorem ipsum dolor sit amet, consectetuer adipiscing elit
  </h3>
  <div>
    <div>
      <h5
        className="line-top text-center text-uppercase"
      >
        Lorem ipsum 
      </h5>
      <p
        className="text-justify"
      >
        Lorem ipsum dolor sit amet, consectetuer adipiscing elit, sed diam nonummy nibh euismod tincidunt ut laoreet dolore magna aliquam erat volutpat. Ut wisi enim ad minim veniam, quis nostrud exerci tation ullamcorper.
      </p>
    </div>
    <p
      className="text-justify"
    >
      Lorem ipsum dolor sit amet, consectetuer adipiscing elit, sed diam nonummy nibh euismod tincidunt ut laoreet dolore magna aliquam erat volutpat. Ut wisi enim ad minim veniam, quis nostrud exerci tation ullamcorper suscipit lobortis nisl ut aliquip ex ea commodo consequat.
    </p>
    <p
      className="text-justify"
    >
      Lorem ipsum dolor sit amet, consectetuer adipiscing elit, sed diam nonummy nibh euismod tincidunt ut laoreet dolore magna aliquam erat volutpat. Ut wisi enim ad minim veniam, quis nostrud exerci tation ullamcorper suscipit lobortis nisl ut aliquip ex ea commodo consequat.
    </p>
    <p
      className="text-justify"
    >
      Lorem ipsum dolor sit amet, consectetuer adipiscing elit, sed diam nonummy nibh euismod tincidunt ut laoreet dolore magna aliquam erat volutpat. Ut wisi enim ad minim veniam, quis nostrud exerci tation ullamcorper suscipit lobortis nisl ut aliquip ex ea commodo consequat.
    </p>
  </div>
</section>
`;
